<html>
<body>
<pre>
<h1>µVision Build Log</h1>
<h2>Project:</h2>
G:\angular\ADC_ExtTrigger\ADC_ExternalTrigger.uvproj
Project File Date:  06/13/2015

<h2>Output:</h2>
Build target 'ADC_ExternalTrigger'
assembling startup.s...
compiling ADC_ExternalTrigger.c...
compiling ADC_MainUART.c...
ADC_MainUART.c(73): warning:  #223-D: function "sprintf" declared implicitly
                sprintf(str_ADCvalue, "%d", ADCvalue);
ADC_MainUART.c: 1 warning, 0 errors
compiling PLL.c...
compiling UART.c...
UART.c(155): warning:  #223-D: function "sprintf" declared implicitly
        sprintf(temp, "%d", n);
UART.c(162): warning:  #223-D: function "strcat" declared implicitly
                strcat(temp, " \0");
UART.c(167): warning:  #223-D: function "strcat" declared implicitly
        strcat(temp, " \0");
UART.c(173): warning:  #223-D: function "strcat" declared implicitly
                strcat(temp, " \0");
UART.c(177): warning:  #186-D: pointless comparison of unsigned integer with zero
        else if (n <= 9 && n >= 0) {
UART.c(178): warning:  #223-D: function "strcat" declared implicitly
                strcat(temp, " \0");
UART.c(217): warning:  #223-D: function "strcpy" declared implicitly
                strcpy(String, "*.*** cm\0");
UART.c(219): warning:  #186-D: pointless comparison of unsigned integer with zero
        else if (n <= 9999 && n >= 0) {
UART.c(220): warning:  #223-D: function "sprintf" declared implicitly
                sprintf(String, "%.3f cm\0", tempf);
UART.c: 9 warnings, 0 errors
linking...
Program Size: Code=2652 RO-data=52 RW-data=4 ZI-data=1132  
".\ADC_ExternalTrigger.axf" - 0 Error(s), 10 Warning(s).
</pre>
</body>
</html>
